// Jest Snapshot v1, https://goo.gl/fbAQLP

exports[`Loading screen should give way to the app Simulate loading the db 1`] = `
<div
  className="App"
>
  <header
    className="App-header"
  >
    <img
      alt="logo"
      className="App-logo"
      src="logo.svg"
    />
    <p>
      Loading...
    </p>
  </header>
</div>
`;

exports[`Loading screen should give way to the app Simulate loading the db 2`] = `
<div
  className="App"
>
  <div
    className="container"
  >
    <link
      crossOrigin="anonymous"
      href="https://stackpath.bootstrapcdn.com/bootswatch/4.3.1/yeti/bootstrap.min.css"
      integrity="sha384-w6tc0TXjTUnYHwVwGgnYyV12wbRoJQo9iMlC2KdkdmVvntGgzT9jvqNEF/uKaF4m"
      rel="stylesheet"
    />
    <link
      crossOrigin="anonymous"
      href="https://stackpath.bootstrapcdn.com/font-awesome/4.7.0/css/font-awesome.min.css"
      integrity="sha384-wvfXpqpZZVQGK6TAh5PVlGOfQNHSoD2xbE+QkPxCAFlNEevoEH3Sl0sibVcOQVnN"
      rel="stylesheet"
    />
    <div
      className="Navbar nav nav-pills"
      onKeyDown={[Function]}
    >
      <div
        className="nav-item"
      >
        <a
          aria-current="page"
          className="nav-link active"
          href="/"
          onClick={[Function]}
          style={Object {}}
        >
          Home
        </a>
      </div>
      <div
        className="nav-item"
      >
        <a
          aria-current={null}
          className="nav-link"
          href="/history"
          onClick={[Function]}
        >
          History
        </a>
      </div>
      <div
        className="nav-item"
      >
        <a
          aria-current={null}
          className="nav-link"
          href="/session"
          onClick={[Function]}
        >
          Session
        </a>
      </div>
    </div>
    <h1>
      SLP Therapy Tracker
    </h1>
    <a
      className="btn btn-primary btn-lg"
      href="/session"
      id="mainButton"
      onClick={[Function]}
    >
      Start a session 
      <i
        className="fa fa-arrow-circle-o-right"
      />
    </a>
    <p>
      This app is designed to ease data collection for Speech and Language Pathologists. Made with &lt;3 for Kristen.
    </p>
    <h3
      className="subheader"
    >
      How to Use
    </h3>
    <ol>
      <li>
        Enter your data in the "Providers" form
      </li>
      <li>
        Enter service location names in the "Locations" form
      </li>
      <li>
        Enter session data in the "Session" page
      </li>
      <li>
        View historical session data in the "History" page
      </li>
    </ol>
    <a
      className="navButton btn btn-outline-primary"
      href="/providers"
      onClick={[Function]}
    >
      Update Providers 
      <i
        className="fa fa-arrow-circle-right"
      />
    </a>
    <a
      className="navButton btn btn-outline-primary"
      href="/locations"
      onClick={[Function]}
    >
      Update Locations 
      <i
        className="fa fa-arrow-circle-right"
      />
    </a>
    <h3
      className="subheader"
    >
      More Info
    </h3>
    <p>
      This app was made as a class project. See more info at the developer page.
    </p>
    <a
      className="navButton btn btn-outline-primary"
      href="/developer"
      onClick={[Function]}
    >
      Developer page
    </a>
    <h3
      className="subheader"
    >
      Disclaimer
    </h3>
    <p>
      This app is a class project. There is no authentication. The user is solely responsible for all information that is uploaded to this site.
    </p>
  </div>
</div>
`;

exports[`Snapshots Home screen 1`] = `
<div
  className="App"
>
  <div
    className="container"
  >
    <link
      crossOrigin="anonymous"
      href="https://stackpath.bootstrapcdn.com/bootswatch/4.3.1/yeti/bootstrap.min.css"
      integrity="sha384-w6tc0TXjTUnYHwVwGgnYyV12wbRoJQo9iMlC2KdkdmVvntGgzT9jvqNEF/uKaF4m"
      rel="stylesheet"
    />
    <link
      crossOrigin="anonymous"
      href="https://stackpath.bootstrapcdn.com/font-awesome/4.7.0/css/font-awesome.min.css"
      integrity="sha384-wvfXpqpZZVQGK6TAh5PVlGOfQNHSoD2xbE+QkPxCAFlNEevoEH3Sl0sibVcOQVnN"
      rel="stylesheet"
    />
    <div
      className="Navbar nav nav-pills"
      onKeyDown={[Function]}
    >
      <div
        className="nav-item"
      >
        <a
          aria-current="page"
          className="nav-link active"
          href="/"
          onClick={[Function]}
          style={Object {}}
        >
          Home
        </a>
      </div>
      <div
        className="nav-item"
      >
        <a
          aria-current={null}
          className="nav-link"
          href="/history"
          onClick={[Function]}
        >
          History
        </a>
      </div>
      <div
        className="nav-item"
      >
        <a
          aria-current={null}
          className="nav-link"
          href="/session"
          onClick={[Function]}
        >
          Session
        </a>
      </div>
    </div>
    <h1>
      SLP Therapy Tracker
    </h1>
    <a
      className="btn btn-primary btn-lg"
      href="/session"
      id="mainButton"
      onClick={[Function]}
    >
      Start a session 
      <i
        className="fa fa-arrow-circle-o-right"
      />
    </a>
    <p>
      This app is designed to ease data collection for Speech and Language Pathologists. Made with &lt;3 for Kristen.
    </p>
    <h3
      className="subheader"
    >
      How to Use
    </h3>
    <ol>
      <li>
        Enter your data in the "Providers" form
      </li>
      <li>
        Enter service location names in the "Locations" form
      </li>
      <li>
        Enter session data in the "Session" page
      </li>
      <li>
        View historical session data in the "History" page
      </li>
    </ol>
    <a
      className="navButton btn btn-outline-primary"
      href="/providers"
      onClick={[Function]}
    >
      Update Providers 
      <i
        className="fa fa-arrow-circle-right"
      />
    </a>
    <a
      className="navButton btn btn-outline-primary"
      href="/locations"
      onClick={[Function]}
    >
      Update Locations 
      <i
        className="fa fa-arrow-circle-right"
      />
    </a>
    <h3
      className="subheader"
    >
      More Info
    </h3>
    <p>
      This app was made as a class project. See more info at the developer page.
    </p>
    <a
      className="navButton btn btn-outline-primary"
      href="/developer"
      onClick={[Function]}
    >
      Developer page
    </a>
    <h3
      className="subheader"
    >
      Disclaimer
    </h3>
    <p>
      This app is a class project. There is no authentication. The user is solely responsible for all information that is uploaded to this site.
    </p>
  </div>
</div>
`;

exports[`Snapshots Loading screen 1`] = `
<div
  className="App"
>
  <header
    className="App-header"
  >
    <img
      alt="logo"
      className="App-logo"
      src="logo.svg"
    />
    <p>
      Loading...
    </p>
  </header>
</div>
`;
