// Jest Snapshot v1, https://goo.gl/fbAQLP

exports[`Snapshots Static page 1`] = `
Array [
  <link
    crossOrigin="anonymous"
    href="https://stackpath.bootstrapcdn.com/bootswatch/4.3.1/yeti/bootstrap.min.css"
    integrity="sha384-w6tc0TXjTUnYHwVwGgnYyV12wbRoJQo9iMlC2KdkdmVvntGgzT9jvqNEF/uKaF4m"
    rel="stylesheet"
  />,
  <link
    crossOrigin="anonymous"
    href="https://stackpath.bootstrapcdn.com/font-awesome/4.7.0/css/font-awesome.min.css"
    integrity="sha384-wvfXpqpZZVQGK6TAh5PVlGOfQNHSoD2xbE+QkPxCAFlNEevoEH3Sl0sibVcOQVnN"
    rel="stylesheet"
  />,
]
`;
